// Vitest Snapshot v1

exports[`renderToHast > should render fixture: fixture.c 1`] = `
{
  "children": [
    {
      "children": [
        {
          "children": [
            {
              "children": [
                {
                  "type": "text",
                  "value": "#include",
                },
              ],
              "properties": {
                "style": "color: var(--shiki-token-keyword)",
              },
              "tagName": "span",
              "type": "element",
            },
            {
              "children": [
                {
                  "type": "text",
                  "value": " ",
                },
              ],
              "properties": {
                "style": "color: var(--shiki-color-text)",
              },
              "tagName": "span",
              "type": "element",
            },
            {
              "children": [
                {
                  "type": "text",
                  "value": "<stdio.h>",
                },
              ],
              "properties": {
                "style": "color: var(--shiki-token-string-expression)",
              },
              "tagName": "span",
              "type": "element",
            },
          ],
          "properties": {
            "dataHighlighted": false,
            "dataLineNumber": "1",
          },
          "tagName": "span",
          "type": "element",
        },
        {
          "children": [],
          "properties": {
            "dataHighlighted": false,
            "dataLineNumber": "2",
          },
          "tagName": "span",
          "type": "element",
        },
        {
          "children": [
            {
              "children": [
                {
                  "type": "text",
                  "value": "int",
                },
              ],
              "properties": {
                "style": "color: var(--shiki-token-keyword)",
              },
              "tagName": "span",
              "type": "element",
            },
            {
              "children": [
                {
                  "type": "text",
                  "value": " ",
                },
              ],
              "properties": {
                "style": "color: var(--shiki-color-text)",
              },
              "tagName": "span",
              "type": "element",
            },
            {
              "children": [
                {
                  "type": "text",
                  "value": "main",
                },
              ],
              "properties": {
                "style": "color: var(--shiki-token-function)",
              },
              "tagName": "span",
              "type": "element",
            },
            {
              "children": [
                {
                  "type": "text",
                  "value": "()",
                },
              ],
              "properties": {
                "style": "color: var(--shiki-color-text)",
              },
              "tagName": "span",
              "type": "element",
            },
          ],
          "properties": {
            "dataHighlighted": false,
            "dataLineNumber": "3",
          },
          "tagName": "span",
          "type": "element",
        },
        {
          "children": [
            {
              "children": [
                {
                  "type": "text",
                  "value": "{",
                },
              ],
              "properties": {
                "style": "color: var(--shiki-color-text)",
              },
              "tagName": "span",
              "type": "element",
            },
          ],
          "properties": {
            "dataHighlighted": false,
            "dataLineNumber": "4",
          },
          "tagName": "span",
          "type": "element",
        },
        {
          "children": [
            {
              "children": [
                {
                  "type": "text",
                  "value": "  ",
                },
              ],
              "properties": {
                "style": "color: var(--shiki-color-text)",
              },
              "tagName": "span",
              "type": "element",
            },
            {
              "children": [
                {
                  "type": "text",
                  "value": "printf(",
                },
              ],
              "properties": {
                "style": "color: var(--shiki-token-function)",
              },
              "tagName": "span",
              "type": "element",
            },
            {
              "children": [
                {
                  "type": "text",
                  "value": "\\"Hello World\\"",
                },
              ],
              "properties": {
                "style": "color: var(--shiki-token-string-expression)",
              },
              "tagName": "span",
              "type": "element",
            },
            {
              "children": [
                {
                  "type": "text",
                  "value": ")",
                },
              ],
              "properties": {
                "style": "color: var(--shiki-token-function)",
              },
              "tagName": "span",
              "type": "element",
            },
            {
              "children": [
                {
                  "type": "text",
                  "value": ";",
                },
              ],
              "properties": {
                "style": "color: var(--shiki-color-text)",
              },
              "tagName": "span",
              "type": "element",
            },
          ],
          "properties": {
            "dataHighlighted": false,
            "dataLineNumber": "5",
          },
          "tagName": "span",
          "type": "element",
        },
        {
          "children": [
            {
              "children": [
                {
                  "type": "text",
                  "value": "  ",
                },
              ],
              "properties": {
                "style": "color: var(--shiki-color-text)",
              },
              "tagName": "span",
              "type": "element",
            },
            {
              "children": [
                {
                  "type": "text",
                  "value": "return",
                },
              ],
              "properties": {
                "style": "color: var(--shiki-token-keyword)",
              },
              "tagName": "span",
              "type": "element",
            },
            {
              "children": [
                {
                  "type": "text",
                  "value": " ",
                },
              ],
              "properties": {
                "style": "color: var(--shiki-color-text)",
              },
              "tagName": "span",
              "type": "element",
            },
            {
              "children": [
                {
                  "type": "text",
                  "value": "0",
                },
              ],
              "properties": {
                "style": "color: var(--shiki-token-constant)",
              },
              "tagName": "span",
              "type": "element",
            },
            {
              "children": [
                {
                  "type": "text",
                  "value": ";",
                },
              ],
              "properties": {
                "style": "color: var(--shiki-color-text)",
              },
              "tagName": "span",
              "type": "element",
            },
          ],
          "properties": {
            "dataHighlighted": false,
            "dataLineNumber": "6",
          },
          "tagName": "span",
          "type": "element",
        },
        {
          "children": [
            {
              "children": [
                {
                  "type": "text",
                  "value": "}",
                },
              ],
              "properties": {
                "style": "color: var(--shiki-color-text)",
              },
              "tagName": "span",
              "type": "element",
            },
          ],
          "properties": {
            "dataHighlighted": false,
            "dataLineNumber": "7",
          },
          "tagName": "span",
          "type": "element",
        },
        {
          "children": [],
          "properties": {
            "dataHighlighted": false,
            "dataLineNumber": "8",
          },
          "tagName": "span",
          "type": "element",
        },
      ],
      "properties": {
        "dataLanguage": undefined,
        "dataLineNumbers": false,
      },
      "tagName": "code",
      "type": "element",
    },
  ],
  "properties": {
    "dataCodeTitle": undefined,
  },
  "tagName": "pre",
  "type": "element",
}
`;

exports[`renderToHast > should render fixture: fixture.cpp 1`] = `
{
  "children": [
    {
      "children": [
        {
          "children": [
            {
              "children": [
                {
                  "type": "text",
                  "value": "#include",
                },
              ],
              "properties": {
                "style": "color: var(--shiki-token-keyword)",
              },
              "tagName": "span",
              "type": "element",
            },
            {
              "children": [
                {
                  "type": "text",
                  "value": " ",
                },
              ],
              "properties": {
                "style": "color: var(--shiki-color-text)",
              },
              "tagName": "span",
              "type": "element",
            },
            {
              "children": [
                {
                  "type": "text",
                  "value": "<iostream>",
                },
              ],
              "properties": {
                "style": "color: var(--shiki-token-string-expression)",
              },
              "tagName": "span",
              "type": "element",
            },
          ],
          "properties": {
            "dataHighlighted": false,
            "dataLineNumber": "1",
          },
          "tagName": "span",
          "type": "element",
        },
        {
          "children": [],
          "properties": {
            "dataHighlighted": false,
            "dataLineNumber": "2",
          },
          "tagName": "span",
          "type": "element",
        },
        {
          "children": [
            {
              "children": [
                {
                  "type": "text",
                  "value": "int",
                },
              ],
              "properties": {
                "style": "color: var(--shiki-token-keyword)",
              },
              "tagName": "span",
              "type": "element",
            },
            {
              "children": [
                {
                  "type": "text",
                  "value": " ",
                },
              ],
              "properties": {
                "style": "color: var(--shiki-color-text)",
              },
              "tagName": "span",
              "type": "element",
            },
            {
              "children": [
                {
                  "type": "text",
                  "value": "main",
                },
              ],
              "properties": {
                "style": "color: var(--shiki-token-function)",
              },
              "tagName": "span",
              "type": "element",
            },
            {
              "children": [
                {
                  "type": "text",
                  "value": "()",
                },
              ],
              "properties": {
                "style": "color: var(--shiki-color-text)",
              },
              "tagName": "span",
              "type": "element",
            },
          ],
          "properties": {
            "dataHighlighted": false,
            "dataLineNumber": "3",
          },
          "tagName": "span",
          "type": "element",
        },
        {
          "children": [
            {
              "children": [
                {
                  "type": "text",
                  "value": "{",
                },
              ],
              "properties": {
                "style": "color: var(--shiki-color-text)",
              },
              "tagName": "span",
              "type": "element",
            },
          ],
          "properties": {
            "dataHighlighted": false,
            "dataLineNumber": "4",
          },
          "tagName": "span",
          "type": "element",
        },
        {
          "children": [
            {
              "children": [
                {
                  "type": "text",
                  "value": "  std",
                },
              ],
              "properties": {
                "style": "color: var(--shiki-color-text)",
              },
              "tagName": "span",
              "type": "element",
            },
            {
              "children": [
                {
                  "type": "text",
                  "value": "::",
                },
              ],
              "properties": {
                "style": "color: var(--shiki-token-punctuation)",
              },
              "tagName": "span",
              "type": "element",
            },
            {
              "children": [
                {
                  "type": "text",
                  "value": "cout ",
                },
              ],
              "properties": {
                "style": "color: var(--shiki-color-text)",
              },
              "tagName": "span",
              "type": "element",
            },
            {
              "children": [
                {
                  "type": "text",
                  "value": "<<",
                },
              ],
              "properties": {
                "style": "color: var(--shiki-token-keyword)",
              },
              "tagName": "span",
              "type": "element",
            },
            {
              "children": [
                {
                  "type": "text",
                  "value": " ",
                },
              ],
              "properties": {
                "style": "color: var(--shiki-color-text)",
              },
              "tagName": "span",
              "type": "element",
            },
            {
              "children": [
                {
                  "type": "text",
                  "value": "\\"Hello World\\"",
                },
              ],
              "properties": {
                "style": "color: var(--shiki-token-string-expression)",
              },
              "tagName": "span",
              "type": "element",
            },
            {
              "children": [
                {
                  "type": "text",
                  "value": ";",
                },
              ],
              "properties": {
                "style": "color: var(--shiki-color-text)",
              },
              "tagName": "span",
              "type": "element",
            },
          ],
          "properties": {
            "dataHighlighted": false,
            "dataLineNumber": "5",
          },
          "tagName": "span",
          "type": "element",
        },
        {
          "children": [
            {
              "children": [
                {
                  "type": "text",
                  "value": "  ",
                },
              ],
              "properties": {
                "style": "color: var(--shiki-color-text)",
              },
              "tagName": "span",
              "type": "element",
            },
            {
              "children": [
                {
                  "type": "text",
                  "value": "return",
                },
              ],
              "properties": {
                "style": "color: var(--shiki-token-keyword)",
              },
              "tagName": "span",
              "type": "element",
            },
            {
              "children": [
                {
                  "type": "text",
                  "value": " ",
                },
              ],
              "properties": {
                "style": "color: var(--shiki-color-text)",
              },
              "tagName": "span",
              "type": "element",
            },
            {
              "children": [
                {
                  "type": "text",
                  "value": "0",
                },
              ],
              "properties": {
                "style": "color: var(--shiki-token-constant)",
              },
              "tagName": "span",
              "type": "element",
            },
            {
              "children": [
                {
                  "type": "text",
                  "value": ";",
                },
              ],
              "properties": {
                "style": "color: var(--shiki-color-text)",
              },
              "tagName": "span",
              "type": "element",
            },
          ],
          "properties": {
            "dataHighlighted": false,
            "dataLineNumber": "6",
          },
          "tagName": "span",
          "type": "element",
        },
        {
          "children": [
            {
              "children": [
                {
                  "type": "text",
                  "value": "}",
                },
              ],
              "properties": {
                "style": "color: var(--shiki-color-text)",
              },
              "tagName": "span",
              "type": "element",
            },
          ],
          "properties": {
            "dataHighlighted": false,
            "dataLineNumber": "7",
          },
          "tagName": "span",
          "type": "element",
        },
        {
          "children": [],
          "properties": {
            "dataHighlighted": false,
            "dataLineNumber": "8",
          },
          "tagName": "span",
          "type": "element",
        },
      ],
      "properties": {
        "dataLanguage": undefined,
        "dataLineNumbers": false,
      },
      "tagName": "code",
      "type": "element",
    },
  ],
  "properties": {
    "dataCodeTitle": undefined,
  },
  "tagName": "pre",
  "type": "element",
}
`;

exports[`renderToHast > should render fixture: fixture.css 1`] = `
{
  "children": [
    {
      "children": [
        {
          "children": [
            {
              "children": [
                {
                  "type": "text",
                  "value": ".fixture::after",
                },
              ],
              "properties": {
                "style": "color: var(--shiki-token-function)",
              },
              "tagName": "span",
              "type": "element",
            },
            {
              "children": [
                {
                  "type": "text",
                  "value": " {",
                },
              ],
              "properties": {
                "style": "color: var(--shiki-color-text)",
              },
              "tagName": "span",
              "type": "element",
            },
          ],
          "properties": {
            "dataHighlighted": false,
            "dataLineNumber": "1",
          },
          "tagName": "span",
          "type": "element",
        },
        {
          "children": [
            {
              "children": [
                {
                  "type": "text",
                  "value": "  ",
                },
              ],
              "properties": {
                "style": "color: var(--shiki-color-text)",
              },
              "tagName": "span",
              "type": "element",
            },
            {
              "children": [
                {
                  "type": "text",
                  "value": "content",
                },
              ],
              "properties": {
                "style": "color: var(--shiki-token-constant)",
              },
              "tagName": "span",
              "type": "element",
            },
            {
              "children": [
                {
                  "type": "text",
                  "value": ":",
                },
              ],
              "properties": {
                "style": "color: var(--shiki-token-keyword)",
              },
              "tagName": "span",
              "type": "element",
            },
            {
              "children": [
                {
                  "type": "text",
                  "value": " ",
                },
              ],
              "properties": {
                "style": "color: var(--shiki-color-text)",
              },
              "tagName": "span",
              "type": "element",
            },
            {
              "children": [
                {
                  "type": "text",
                  "value": "\\"hello world\\"",
                },
              ],
              "properties": {
                "style": "color: var(--shiki-token-string-expression)",
              },
              "tagName": "span",
              "type": "element",
            },
            {
              "children": [
                {
                  "type": "text",
                  "value": ";",
                },
              ],
              "properties": {
                "style": "color: var(--shiki-color-text)",
              },
              "tagName": "span",
              "type": "element",
            },
          ],
          "properties": {
            "dataHighlighted": false,
            "dataLineNumber": "2",
          },
          "tagName": "span",
          "type": "element",
        },
        {
          "children": [
            {
              "children": [
                {
                  "type": "text",
                  "value": "}",
                },
              ],
              "properties": {
                "style": "color: var(--shiki-color-text)",
              },
              "tagName": "span",
              "type": "element",
            },
          ],
          "properties": {
            "dataHighlighted": false,
            "dataLineNumber": "3",
          },
          "tagName": "span",
          "type": "element",
        },
        {
          "children": [],
          "properties": {
            "dataHighlighted": false,
            "dataLineNumber": "4",
          },
          "tagName": "span",
          "type": "element",
        },
      ],
      "properties": {
        "dataLanguage": undefined,
        "dataLineNumbers": false,
      },
      "tagName": "code",
      "type": "element",
    },
  ],
  "properties": {
    "dataCodeTitle": undefined,
  },
  "tagName": "pre",
  "type": "element",
}
`;

exports[`renderToHast > should render fixture: fixture.html 1`] = `
{
  "children": [
    {
      "children": [
        {
          "children": [
            {
              "children": [
                {
                  "type": "text",
                  "value": "<!",
                },
              ],
              "properties": {
                "style": "color: var(--shiki-color-text)",
              },
              "tagName": "span",
              "type": "element",
            },
            {
              "children": [
                {
                  "type": "text",
                  "value": "DOCTYPE",
                },
              ],
              "properties": {
                "style": "color: var(--shiki-token-string-expression)",
              },
              "tagName": "span",
              "type": "element",
            },
            {
              "children": [
                {
                  "type": "text",
                  "value": " ",
                },
              ],
              "properties": {
                "style": "color: var(--shiki-color-text)",
              },
              "tagName": "span",
              "type": "element",
            },
            {
              "children": [
                {
                  "type": "text",
                  "value": "html",
                },
              ],
              "properties": {
                "style": "color: var(--shiki-token-function)",
              },
              "tagName": "span",
              "type": "element",
            },
            {
              "children": [
                {
                  "type": "text",
                  "value": ">",
                },
              ],
              "properties": {
                "style": "color: var(--shiki-color-text)",
              },
              "tagName": "span",
              "type": "element",
            },
          ],
          "properties": {
            "dataHighlighted": false,
            "dataLineNumber": "1",
          },
          "tagName": "span",
          "type": "element",
        },
        {
          "children": [
            {
              "children": [
                {
                  "type": "text",
                  "value": "<",
                },
              ],
              "properties": {
                "style": "color: var(--shiki-color-text)",
              },
              "tagName": "span",
              "type": "element",
            },
            {
              "children": [
                {
                  "type": "text",
                  "value": "html",
                },
              ],
              "properties": {
                "style": "color: var(--shiki-token-string-expression)",
              },
              "tagName": "span",
              "type": "element",
            },
            {
              "children": [
                {
                  "type": "text",
                  "value": ">",
                },
              ],
              "properties": {
                "style": "color: var(--shiki-color-text)",
              },
              "tagName": "span",
              "type": "element",
            },
          ],
          "properties": {
            "dataHighlighted": false,
            "dataLineNumber": "2",
          },
          "tagName": "span",
          "type": "element",
        },
        {
          "children": [
            {
              "children": [
                {
                  "type": "text",
                  "value": "  <",
                },
              ],
              "properties": {
                "style": "color: var(--shiki-color-text)",
              },
              "tagName": "span",
              "type": "element",
            },
            {
              "children": [
                {
                  "type": "text",
                  "value": "head",
                },
              ],
              "properties": {
                "style": "color: var(--shiki-token-string-expression)",
              },
              "tagName": "span",
              "type": "element",
            },
            {
              "children": [
                {
                  "type": "text",
                  "value": ">",
                },
              ],
              "properties": {
                "style": "color: var(--shiki-color-text)",
              },
              "tagName": "span",
              "type": "element",
            },
          ],
          "properties": {
            "dataHighlighted": false,
            "dataLineNumber": "3",
          },
          "tagName": "span",
          "type": "element",
        },
        {
          "children": [
            {
              "children": [
                {
                  "type": "text",
                  "value": "  </",
                },
              ],
              "properties": {
                "style": "color: var(--shiki-color-text)",
              },
              "tagName": "span",
              "type": "element",
            },
            {
              "children": [
                {
                  "type": "text",
                  "value": "head",
                },
              ],
              "properties": {
                "style": "color: var(--shiki-token-string-expression)",
              },
              "tagName": "span",
              "type": "element",
            },
            {
              "children": [
                {
                  "type": "text",
                  "value": ">",
                },
              ],
              "properties": {
                "style": "color: var(--shiki-color-text)",
              },
              "tagName": "span",
              "type": "element",
            },
          ],
          "properties": {
            "dataHighlighted": false,
            "dataLineNumber": "4",
          },
          "tagName": "span",
          "type": "element",
        },
        {
          "children": [
            {
              "children": [
                {
                  "type": "text",
                  "value": "  <",
                },
              ],
              "properties": {
                "style": "color: var(--shiki-color-text)",
              },
              "tagName": "span",
              "type": "element",
            },
            {
              "children": [
                {
                  "type": "text",
                  "value": "body",
                },
              ],
              "properties": {
                "style": "color: var(--shiki-token-string-expression)",
              },
              "tagName": "span",
              "type": "element",
            },
            {
              "children": [
                {
                  "type": "text",
                  "value": ">",
                },
              ],
              "properties": {
                "style": "color: var(--shiki-color-text)",
              },
              "tagName": "span",
              "type": "element",
            },
          ],
          "properties": {
            "dataHighlighted": false,
            "dataLineNumber": "5",
          },
          "tagName": "span",
          "type": "element",
        },
        {
          "children": [
            {
              "children": [
                {
                  "type": "text",
                  "value": "    <",
                },
              ],
              "properties": {
                "style": "color: var(--shiki-color-text)",
              },
              "tagName": "span",
              "type": "element",
            },
            {
              "children": [
                {
                  "type": "text",
                  "value": "h1",
                },
              ],
              "properties": {
                "style": "color: var(--shiki-token-string-expression)",
              },
              "tagName": "span",
              "type": "element",
            },
            {
              "children": [
                {
                  "type": "text",
                  "value": ">Hello World<",
                },
              ],
              "properties": {
                "style": "color: var(--shiki-color-text)",
              },
              "tagName": "span",
              "type": "element",
            },
            {
              "children": [
                {
                  "type": "text",
                  "value": "h1",
                },
              ],
              "properties": {
                "style": "color: var(--shiki-token-string-expression)",
              },
              "tagName": "span",
              "type": "element",
            },
            {
              "children": [
                {
                  "type": "text",
                  "value": ">",
                },
              ],
              "properties": {
                "style": "color: var(--shiki-color-text)",
              },
              "tagName": "span",
              "type": "element",
            },
          ],
          "properties": {
            "dataHighlighted": false,
            "dataLineNumber": "6",
          },
          "tagName": "span",
          "type": "element",
        },
        {
          "children": [
            {
              "children": [
                {
                  "type": "text",
                  "value": "  </",
                },
              ],
              "properties": {
                "style": "color: var(--shiki-color-text)",
              },
              "tagName": "span",
              "type": "element",
            },
            {
              "children": [
                {
                  "type": "text",
                  "value": "body",
                },
              ],
              "properties": {
                "style": "color: var(--shiki-token-string-expression)",
              },
              "tagName": "span",
              "type": "element",
            },
            {
              "children": [
                {
                  "type": "text",
                  "value": ">",
                },
              ],
              "properties": {
                "style": "color: var(--shiki-color-text)",
              },
              "tagName": "span",
              "type": "element",
            },
          ],
          "properties": {
            "dataHighlighted": false,
            "dataLineNumber": "7",
          },
          "tagName": "span",
          "type": "element",
        },
        {
          "children": [
            {
              "children": [
                {
                  "type": "text",
                  "value": "</",
                },
              ],
              "properties": {
                "style": "color: var(--shiki-color-text)",
              },
              "tagName": "span",
              "type": "element",
            },
            {
              "children": [
                {
                  "type": "text",
                  "value": "html",
                },
              ],
              "properties": {
                "style": "color: var(--shiki-token-string-expression)",
              },
              "tagName": "span",
              "type": "element",
            },
            {
              "children": [
                {
                  "type": "text",
                  "value": ">",
                },
              ],
              "properties": {
                "style": "color: var(--shiki-color-text)",
              },
              "tagName": "span",
              "type": "element",
            },
          ],
          "properties": {
            "dataHighlighted": false,
            "dataLineNumber": "8",
          },
          "tagName": "span",
          "type": "element",
        },
        {
          "children": [],
          "properties": {
            "dataHighlighted": false,
            "dataLineNumber": "9",
          },
          "tagName": "span",
          "type": "element",
        },
      ],
      "properties": {
        "dataLanguage": undefined,
        "dataLineNumbers": false,
      },
      "tagName": "code",
      "type": "element",
    },
  ],
  "properties": {
    "dataCodeTitle": undefined,
  },
  "tagName": "pre",
  "type": "element",
}
`;

exports[`renderToHast > should render fixture: fixture.js 1`] = `
{
  "children": [
    {
      "children": [
        {
          "children": [
            {
              "children": [
                {
                  "type": "text",
                  "value": "function",
                },
              ],
              "properties": {
                "style": "color: var(--shiki-token-keyword)",
              },
              "tagName": "span",
              "type": "element",
            },
            {
              "children": [
                {
                  "type": "text",
                  "value": " ",
                },
              ],
              "properties": {
                "style": "color: var(--shiki-color-text)",
              },
              "tagName": "span",
              "type": "element",
            },
            {
              "children": [
                {
                  "type": "text",
                  "value": "hello",
                },
              ],
              "properties": {
                "style": "color: var(--shiki-token-function)",
              },
              "tagName": "span",
              "type": "element",
            },
            {
              "children": [
                {
                  "type": "text",
                  "value": "(value) {",
                },
              ],
              "properties": {
                "style": "color: var(--shiki-color-text)",
              },
              "tagName": "span",
              "type": "element",
            },
          ],
          "properties": {
            "dataHighlighted": false,
            "dataLineNumber": "1",
          },
          "tagName": "span",
          "type": "element",
        },
        {
          "children": [
            {
              "children": [
                {
                  "type": "text",
                  "value": "  ",
                },
              ],
              "properties": {
                "style": "color: var(--shiki-color-text)",
              },
              "tagName": "span",
              "type": "element",
            },
            {
              "children": [
                {
                  "type": "text",
                  "value": "if",
                },
              ],
              "properties": {
                "style": "color: var(--shiki-token-keyword)",
              },
              "tagName": "span",
              "type": "element",
            },
            {
              "children": [
                {
                  "type": "text",
                  "value": " (",
                },
              ],
              "properties": {
                "style": "color: var(--shiki-color-text)",
              },
              "tagName": "span",
              "type": "element",
            },
            {
              "children": [
                {
                  "type": "text",
                  "value": "typeof",
                },
              ],
              "properties": {
                "style": "color: var(--shiki-token-keyword)",
              },
              "tagName": "span",
              "type": "element",
            },
            {
              "children": [
                {
                  "type": "text",
                  "value": " value ",
                },
              ],
              "properties": {
                "style": "color: var(--shiki-color-text)",
              },
              "tagName": "span",
              "type": "element",
            },
            {
              "children": [
                {
                  "type": "text",
                  "value": "===",
                },
              ],
              "properties": {
                "style": "color: var(--shiki-token-keyword)",
              },
              "tagName": "span",
              "type": "element",
            },
            {
              "children": [
                {
                  "type": "text",
                  "value": " ",
                },
              ],
              "properties": {
                "style": "color: var(--shiki-color-text)",
              },
              "tagName": "span",
              "type": "element",
            },
            {
              "children": [
                {
                  "type": "text",
                  "value": "\\"string\\"",
                },
              ],
              "properties": {
                "style": "color: var(--shiki-token-string-expression)",
              },
              "tagName": "span",
              "type": "element",
            },
            {
              "children": [
                {
                  "type": "text",
                  "value": ") {",
                },
              ],
              "properties": {
                "style": "color: var(--shiki-color-text)",
              },
              "tagName": "span",
              "type": "element",
            },
          ],
          "properties": {
            "dataHighlighted": false,
            "dataLineNumber": "2",
          },
          "tagName": "span",
          "type": "element",
        },
        {
          "children": [
            {
              "children": [
                {
                  "type": "text",
                  "value": "    ",
                },
              ],
              "properties": {
                "style": "color: var(--shiki-color-text)",
              },
              "tagName": "span",
              "type": "element",
            },
            {
              "children": [
                {
                  "type": "text",
                  "value": "console",
                },
              ],
              "properties": {
                "style": "color: var(--shiki-token-constant)",
              },
              "tagName": "span",
              "type": "element",
            },
            {
              "children": [
                {
                  "type": "text",
                  "value": ".log",
                },
              ],
              "properties": {
                "style": "color: var(--shiki-token-function)",
              },
              "tagName": "span",
              "type": "element",
            },
            {
              "children": [
                {
                  "type": "text",
                  "value": "(",
                },
              ],
              "properties": {
                "style": "color: var(--shiki-color-text)",
              },
              "tagName": "span",
              "type": "element",
            },
            {
              "children": [
                {
                  "type": "text",
                  "value": "\`Hello ",
                },
              ],
              "properties": {
                "style": "color: var(--shiki-token-string-expression)",
              },
              "tagName": "span",
              "type": "element",
            },
            {
              "children": [
                {
                  "type": "text",
                  "value": "\${",
                },
              ],
              "properties": {
                "style": "color: var(--shiki-token-keyword)",
              },
              "tagName": "span",
              "type": "element",
            },
            {
              "children": [
                {
                  "type": "text",
                  "value": "value",
                },
              ],
              "properties": {
                "style": "color: var(--shiki-color-text)",
              },
              "tagName": "span",
              "type": "element",
            },
            {
              "children": [
                {
                  "type": "text",
                  "value": "}",
                },
              ],
              "properties": {
                "style": "color: var(--shiki-token-keyword)",
              },
              "tagName": "span",
              "type": "element",
            },
            {
              "children": [
                {
                  "type": "text",
                  "value": "\`",
                },
              ],
              "properties": {
                "style": "color: var(--shiki-token-string-expression)",
              },
              "tagName": "span",
              "type": "element",
            },
            {
              "children": [
                {
                  "type": "text",
                  "value": ");",
                },
              ],
              "properties": {
                "style": "color: var(--shiki-color-text)",
              },
              "tagName": "span",
              "type": "element",
            },
          ],
          "properties": {
            "dataHighlighted": false,
            "dataLineNumber": "3",
          },
          "tagName": "span",
          "type": "element",
        },
        {
          "children": [
            {
              "children": [
                {
                  "type": "text",
                  "value": "  } ",
                },
              ],
              "properties": {
                "style": "color: var(--shiki-color-text)",
              },
              "tagName": "span",
              "type": "element",
            },
            {
              "children": [
                {
                  "type": "text",
                  "value": "else",
                },
              ],
              "properties": {
                "style": "color: var(--shiki-token-keyword)",
              },
              "tagName": "span",
              "type": "element",
            },
            {
              "children": [
                {
                  "type": "text",
                  "value": " {",
                },
              ],
              "properties": {
                "style": "color: var(--shiki-color-text)",
              },
              "tagName": "span",
              "type": "element",
            },
          ],
          "properties": {
            "dataHighlighted": false,
            "dataLineNumber": "4",
          },
          "tagName": "span",
          "type": "element",
        },
        {
          "children": [
            {
              "children": [
                {
                  "type": "text",
                  "value": "    ",
                },
              ],
              "properties": {
                "style": "color: var(--shiki-color-text)",
              },
              "tagName": "span",
              "type": "element",
            },
            {
              "children": [
                {
                  "type": "text",
                  "value": "throw",
                },
              ],
              "properties": {
                "style": "color: var(--shiki-token-keyword)",
              },
              "tagName": "span",
              "type": "element",
            },
            {
              "children": [
                {
                  "type": "text",
                  "value": " ",
                },
              ],
              "properties": {
                "style": "color: var(--shiki-color-text)",
              },
              "tagName": "span",
              "type": "element",
            },
            {
              "children": [
                {
                  "type": "text",
                  "value": "new",
                },
              ],
              "properties": {
                "style": "color: var(--shiki-token-keyword)",
              },
              "tagName": "span",
              "type": "element",
            },
            {
              "children": [
                {
                  "type": "text",
                  "value": " ",
                },
              ],
              "properties": {
                "style": "color: var(--shiki-color-text)",
              },
              "tagName": "span",
              "type": "element",
            },
            {
              "children": [
                {
                  "type": "text",
                  "value": "Error",
                },
              ],
              "properties": {
                "style": "color: var(--shiki-token-function)",
              },
              "tagName": "span",
              "type": "element",
            },
            {
              "children": [
                {
                  "type": "text",
                  "value": "(",
                },
              ],
              "properties": {
                "style": "color: var(--shiki-color-text)",
              },
              "tagName": "span",
              "type": "element",
            },
            {
              "children": [
                {
                  "type": "text",
                  "value": "\`Can not greet 'undefined'!\`",
                },
              ],
              "properties": {
                "style": "color: var(--shiki-token-string-expression)",
              },
              "tagName": "span",
              "type": "element",
            },
            {
              "children": [
                {
                  "type": "text",
                  "value": ");",
                },
              ],
              "properties": {
                "style": "color: var(--shiki-color-text)",
              },
              "tagName": "span",
              "type": "element",
            },
          ],
          "properties": {
            "dataHighlighted": false,
            "dataLineNumber": "5",
          },
          "tagName": "span",
          "type": "element",
        },
        {
          "children": [
            {
              "children": [
                {
                  "type": "text",
                  "value": "  }",
                },
              ],
              "properties": {
                "style": "color: var(--shiki-color-text)",
              },
              "tagName": "span",
              "type": "element",
            },
          ],
          "properties": {
            "dataHighlighted": false,
            "dataLineNumber": "6",
          },
          "tagName": "span",
          "type": "element",
        },
        {
          "children": [
            {
              "children": [
                {
                  "type": "text",
                  "value": "}",
                },
              ],
              "properties": {
                "style": "color: var(--shiki-color-text)",
              },
              "tagName": "span",
              "type": "element",
            },
          ],
          "properties": {
            "dataHighlighted": false,
            "dataLineNumber": "7",
          },
          "tagName": "span",
          "type": "element",
        },
        {
          "children": [],
          "properties": {
            "dataHighlighted": false,
            "dataLineNumber": "8",
          },
          "tagName": "span",
          "type": "element",
        },
        {
          "children": [
            {
              "children": [
                {
                  "type": "text",
                  "value": "hello",
                },
              ],
              "properties": {
                "style": "color: var(--shiki-token-function)",
              },
              "tagName": "span",
              "type": "element",
            },
            {
              "children": [
                {
                  "type": "text",
                  "value": "(",
                },
              ],
              "properties": {
                "style": "color: var(--shiki-color-text)",
              },
              "tagName": "span",
              "type": "element",
            },
            {
              "children": [
                {
                  "type": "text",
                  "value": "\\"world!\\"",
                },
              ],
              "properties": {
                "style": "color: var(--shiki-token-string-expression)",
              },
              "tagName": "span",
              "type": "element",
            },
            {
              "children": [
                {
                  "type": "text",
                  "value": ");",
                },
              ],
              "properties": {
                "style": "color: var(--shiki-color-text)",
              },
              "tagName": "span",
              "type": "element",
            },
          ],
          "properties": {
            "dataHighlighted": false,
            "dataLineNumber": "9",
          },
          "tagName": "span",
          "type": "element",
        },
        {
          "children": [],
          "properties": {
            "dataHighlighted": false,
            "dataLineNumber": "10",
          },
          "tagName": "span",
          "type": "element",
        },
      ],
      "properties": {
        "dataLanguage": undefined,
        "dataLineNumbers": false,
      },
      "tagName": "code",
      "type": "element",
    },
  ],
  "properties": {
    "dataCodeTitle": undefined,
  },
  "tagName": "pre",
  "type": "element",
}
`;

exports[`renderToHast > should render fixture: fixture.rb 1`] = `
{
  "children": [
    {
      "children": [
        {
          "children": [
            {
              "children": [
                {
                  "type": "text",
                  "value": "puts",
                },
              ],
              "properties": {
                "style": "color: var(--shiki-token-function)",
              },
              "tagName": "span",
              "type": "element",
            },
            {
              "children": [
                {
                  "type": "text",
                  "value": " ",
                },
              ],
              "properties": {
                "style": "color: var(--shiki-color-text)",
              },
              "tagName": "span",
              "type": "element",
            },
            {
              "children": [
                {
                  "type": "text",
                  "value": "'Hello World'",
                },
              ],
              "properties": {
                "style": "color: var(--shiki-token-string-expression)",
              },
              "tagName": "span",
              "type": "element",
            },
          ],
          "properties": {
            "dataHighlighted": false,
            "dataLineNumber": "1",
          },
          "tagName": "span",
          "type": "element",
        },
        {
          "children": [],
          "properties": {
            "dataHighlighted": false,
            "dataLineNumber": "2",
          },
          "tagName": "span",
          "type": "element",
        },
      ],
      "properties": {
        "dataLanguage": undefined,
        "dataLineNumbers": false,
      },
      "tagName": "code",
      "type": "element",
    },
  ],
  "properties": {
    "dataCodeTitle": undefined,
  },
  "tagName": "pre",
  "type": "element",
}
`;

exports[`renderToHast > should render fixture: fixture.sh 1`] = `
{
  "children": [
    {
      "children": [
        {
          "children": [
            {
              "children": [
                {
                  "type": "text",
                  "value": "file=",
                },
              ],
              "properties": {
                "style": "color: var(--shiki-color-text)",
              },
              "tagName": "span",
              "type": "element",
            },
            {
              "children": [
                {
                  "type": "text",
                  "value": "\\"fixture\\"",
                },
              ],
              "properties": {
                "style": "color: var(--shiki-token-string-expression)",
              },
              "tagName": "span",
              "type": "element",
            },
          ],
          "properties": {
            "dataHighlighted": false,
            "dataLineNumber": "1",
          },
          "tagName": "span",
          "type": "element",
        },
        {
          "children": [
            {
              "children": [
                {
                  "type": "text",
                  "value": "extensions=(",
                },
              ],
              "properties": {
                "style": "color: var(--shiki-color-text)",
              },
              "tagName": "span",
              "type": "element",
            },
            {
              "children": [
                {
                  "type": "text",
                  "value": "\\"css\\"",
                },
              ],
              "properties": {
                "style": "color: var(--shiki-token-string-expression)",
              },
              "tagName": "span",
              "type": "element",
            },
            {
              "children": [
                {
                  "type": "text",
                  "value": " ",
                },
              ],
              "properties": {
                "style": "color: var(--shiki-color-text)",
              },
              "tagName": "span",
              "type": "element",
            },
            {
              "children": [
                {
                  "type": "text",
                  "value": "\\"js\\"",
                },
              ],
              "properties": {
                "style": "color: var(--shiki-token-string-expression)",
              },
              "tagName": "span",
              "type": "element",
            },
            {
              "children": [
                {
                  "type": "text",
                  "value": " ",
                },
              ],
              "properties": {
                "style": "color: var(--shiki-color-text)",
              },
              "tagName": "span",
              "type": "element",
            },
            {
              "children": [
                {
                  "type": "text",
                  "value": "\\"sh\\"",
                },
              ],
              "properties": {
                "style": "color: var(--shiki-token-string-expression)",
              },
              "tagName": "span",
              "type": "element",
            },
            {
              "children": [
                {
                  "type": "text",
                  "value": " ",
                },
              ],
              "properties": {
                "style": "color: var(--shiki-color-text)",
              },
              "tagName": "span",
              "type": "element",
            },
            {
              "children": [
                {
                  "type": "text",
                  "value": "\\"sh\\"",
                },
              ],
              "properties": {
                "style": "color: var(--shiki-token-string-expression)",
              },
              "tagName": "span",
              "type": "element",
            },
            {
              "children": [
                {
                  "type": "text",
                  "value": ")",
                },
              ],
              "properties": {
                "style": "color: var(--shiki-color-text)",
              },
              "tagName": "span",
              "type": "element",
            },
          ],
          "properties": {
            "dataHighlighted": false,
            "dataLineNumber": "2",
          },
          "tagName": "span",
          "type": "element",
        },
        {
          "children": [],
          "properties": {
            "dataHighlighted": false,
            "dataLineNumber": "3",
          },
          "tagName": "span",
          "type": "element",
        },
        {
          "children": [
            {
              "children": [
                {
                  "type": "text",
                  "value": "for",
                },
              ],
              "properties": {
                "style": "color: var(--shiki-token-keyword)",
              },
              "tagName": "span",
              "type": "element",
            },
            {
              "children": [
                {
                  "type": "text",
                  "value": " ext ",
                },
              ],
              "properties": {
                "style": "color: var(--shiki-color-text)",
              },
              "tagName": "span",
              "type": "element",
            },
            {
              "children": [
                {
                  "type": "text",
                  "value": "in",
                },
              ],
              "properties": {
                "style": "color: var(--shiki-token-keyword)",
              },
              "tagName": "span",
              "type": "element",
            },
            {
              "children": [
                {
                  "type": "text",
                  "value": " \${extensions[*]} ",
                },
              ],
              "properties": {
                "style": "color: var(--shiki-color-text)",
              },
              "tagName": "span",
              "type": "element",
            },
            {
              "children": [
                {
                  "type": "text",
                  "value": ";",
                },
              ],
              "properties": {
                "style": "color: var(--shiki-token-keyword)",
              },
              "tagName": "span",
              "type": "element",
            },
            {
              "children": [
                {
                  "type": "text",
                  "value": " ",
                },
              ],
              "properties": {
                "style": "color: var(--shiki-color-text)",
              },
              "tagName": "span",
              "type": "element",
            },
            {
              "children": [
                {
                  "type": "text",
                  "value": "do",
                },
              ],
              "properties": {
                "style": "color: var(--shiki-token-keyword)",
              },
              "tagName": "span",
              "type": "element",
            },
          ],
          "properties": {
            "dataHighlighted": false,
            "dataLineNumber": "4",
          },
          "tagName": "span",
          "type": "element",
        },
        {
          "children": [
            {
              "children": [
                {
                  "type": "text",
                  "value": "  ",
                },
              ],
              "properties": {
                "style": "color: var(--shiki-color-text)",
              },
              "tagName": "span",
              "type": "element",
            },
            {
              "children": [
                {
                  "type": "text",
                  "value": "echo",
                },
              ],
              "properties": {
                "style": "color: var(--shiki-token-function)",
              },
              "tagName": "span",
              "type": "element",
            },
            {
              "children": [
                {
                  "type": "text",
                  "value": " ",
                },
              ],
              "properties": {
                "style": "color: var(--shiki-color-text)",
              },
              "tagName": "span",
              "type": "element",
            },
            {
              "children": [
                {
                  "type": "text",
                  "value": "\\"$file.\${ext}\\"",
                },
              ],
              "properties": {
                "style": "color: var(--shiki-token-string-expression)",
              },
              "tagName": "span",
              "type": "element",
            },
          ],
          "properties": {
            "dataHighlighted": false,
            "dataLineNumber": "5",
          },
          "tagName": "span",
          "type": "element",
        },
        {
          "children": [
            {
              "children": [
                {
                  "type": "text",
                  "value": "done",
                },
              ],
              "properties": {
                "style": "color: var(--shiki-token-keyword)",
              },
              "tagName": "span",
              "type": "element",
            },
          ],
          "properties": {
            "dataHighlighted": false,
            "dataLineNumber": "6",
          },
          "tagName": "span",
          "type": "element",
        },
        {
          "children": [],
          "properties": {
            "dataHighlighted": false,
            "dataLineNumber": "7",
          },
          "tagName": "span",
          "type": "element",
        },
        {
          "children": [],
          "properties": {
            "dataHighlighted": false,
            "dataLineNumber": "8",
          },
          "tagName": "span",
          "type": "element",
        },
      ],
      "properties": {
        "dataLanguage": undefined,
        "dataLineNumbers": false,
      },
      "tagName": "code",
      "type": "element",
    },
  ],
  "properties": {
    "dataCodeTitle": undefined,
  },
  "tagName": "pre",
  "type": "element",
}
`;

exports[`renderToHast > should render fixture: fixture.ts 1`] = `
{
  "children": [
    {
      "children": [
        {
          "children": [
            {
              "children": [
                {
                  "type": "text",
                  "value": "function",
                },
              ],
              "properties": {
                "style": "color: var(--shiki-token-keyword)",
              },
              "tagName": "span",
              "type": "element",
            },
            {
              "children": [
                {
                  "type": "text",
                  "value": " ",
                },
              ],
              "properties": {
                "style": "color: var(--shiki-color-text)",
              },
              "tagName": "span",
              "type": "element",
            },
            {
              "children": [
                {
                  "type": "text",
                  "value": "hello",
                },
              ],
              "properties": {
                "style": "color: var(--shiki-token-function)",
              },
              "tagName": "span",
              "type": "element",
            },
            {
              "children": [
                {
                  "type": "text",
                  "value": "(value",
                },
              ],
              "properties": {
                "style": "color: var(--shiki-color-text)",
              },
              "tagName": "span",
              "type": "element",
            },
            {
              "children": [
                {
                  "type": "text",
                  "value": ":",
                },
              ],
              "properties": {
                "style": "color: var(--shiki-token-keyword)",
              },
              "tagName": "span",
              "type": "element",
            },
            {
              "children": [
                {
                  "type": "text",
                  "value": " ",
                },
              ],
              "properties": {
                "style": "color: var(--shiki-color-text)",
              },
              "tagName": "span",
              "type": "element",
            },
            {
              "children": [
                {
                  "type": "text",
                  "value": "string",
                },
              ],
              "properties": {
                "style": "color: var(--shiki-token-constant)",
              },
              "tagName": "span",
              "type": "element",
            },
            {
              "children": [
                {
                  "type": "text",
                  "value": " ",
                },
              ],
              "properties": {
                "style": "color: var(--shiki-color-text)",
              },
              "tagName": "span",
              "type": "element",
            },
            {
              "children": [
                {
                  "type": "text",
                  "value": "|",
                },
              ],
              "properties": {
                "style": "color: var(--shiki-token-keyword)",
              },
              "tagName": "span",
              "type": "element",
            },
            {
              "children": [
                {
                  "type": "text",
                  "value": " ",
                },
              ],
              "properties": {
                "style": "color: var(--shiki-color-text)",
              },
              "tagName": "span",
              "type": "element",
            },
            {
              "children": [
                {
                  "type": "text",
                  "value": "undefined",
                },
              ],
              "properties": {
                "style": "color: var(--shiki-token-constant)",
              },
              "tagName": "span",
              "type": "element",
            },
            {
              "children": [
                {
                  "type": "text",
                  "value": ") {",
                },
              ],
              "properties": {
                "style": "color: var(--shiki-color-text)",
              },
              "tagName": "span",
              "type": "element",
            },
          ],
          "properties": {
            "dataHighlighted": false,
            "dataLineNumber": "1",
          },
          "tagName": "span",
          "type": "element",
        },
        {
          "children": [
            {
              "children": [
                {
                  "type": "text",
                  "value": "  ",
                },
              ],
              "properties": {
                "style": "color: var(--shiki-color-text)",
              },
              "tagName": "span",
              "type": "element",
            },
            {
              "children": [
                {
                  "type": "text",
                  "value": "if",
                },
              ],
              "properties": {
                "style": "color: var(--shiki-token-keyword)",
              },
              "tagName": "span",
              "type": "element",
            },
            {
              "children": [
                {
                  "type": "text",
                  "value": " (",
                },
              ],
              "properties": {
                "style": "color: var(--shiki-color-text)",
              },
              "tagName": "span",
              "type": "element",
            },
            {
              "children": [
                {
                  "type": "text",
                  "value": "typeof",
                },
              ],
              "properties": {
                "style": "color: var(--shiki-token-keyword)",
              },
              "tagName": "span",
              "type": "element",
            },
            {
              "children": [
                {
                  "type": "text",
                  "value": " value ",
                },
              ],
              "properties": {
                "style": "color: var(--shiki-color-text)",
              },
              "tagName": "span",
              "type": "element",
            },
            {
              "children": [
                {
                  "type": "text",
                  "value": "===",
                },
              ],
              "properties": {
                "style": "color: var(--shiki-token-keyword)",
              },
              "tagName": "span",
              "type": "element",
            },
            {
              "children": [
                {
                  "type": "text",
                  "value": " ",
                },
              ],
              "properties": {
                "style": "color: var(--shiki-color-text)",
              },
              "tagName": "span",
              "type": "element",
            },
            {
              "children": [
                {
                  "type": "text",
                  "value": "\\"string\\"",
                },
              ],
              "properties": {
                "style": "color: var(--shiki-token-string-expression)",
              },
              "tagName": "span",
              "type": "element",
            },
            {
              "children": [
                {
                  "type": "text",
                  "value": ") {",
                },
              ],
              "properties": {
                "style": "color: var(--shiki-color-text)",
              },
              "tagName": "span",
              "type": "element",
            },
          ],
          "properties": {
            "dataHighlighted": false,
            "dataLineNumber": "2",
          },
          "tagName": "span",
          "type": "element",
        },
        {
          "children": [
            {
              "children": [
                {
                  "type": "text",
                  "value": "    ",
                },
              ],
              "properties": {
                "style": "color: var(--shiki-color-text)",
              },
              "tagName": "span",
              "type": "element",
            },
            {
              "children": [
                {
                  "type": "text",
                  "value": "console",
                },
              ],
              "properties": {
                "style": "color: var(--shiki-token-constant)",
              },
              "tagName": "span",
              "type": "element",
            },
            {
              "children": [
                {
                  "type": "text",
                  "value": ".log",
                },
              ],
              "properties": {
                "style": "color: var(--shiki-token-function)",
              },
              "tagName": "span",
              "type": "element",
            },
            {
              "children": [
                {
                  "type": "text",
                  "value": "(",
                },
              ],
              "properties": {
                "style": "color: var(--shiki-color-text)",
              },
              "tagName": "span",
              "type": "element",
            },
            {
              "children": [
                {
                  "type": "text",
                  "value": "\`Hello ",
                },
              ],
              "properties": {
                "style": "color: var(--shiki-token-string-expression)",
              },
              "tagName": "span",
              "type": "element",
            },
            {
              "children": [
                {
                  "type": "text",
                  "value": "\${",
                },
              ],
              "properties": {
                "style": "color: var(--shiki-token-keyword)",
              },
              "tagName": "span",
              "type": "element",
            },
            {
              "children": [
                {
                  "type": "text",
                  "value": "value",
                },
              ],
              "properties": {
                "style": "color: var(--shiki-color-text)",
              },
              "tagName": "span",
              "type": "element",
            },
            {
              "children": [
                {
                  "type": "text",
                  "value": "}",
                },
              ],
              "properties": {
                "style": "color: var(--shiki-token-keyword)",
              },
              "tagName": "span",
              "type": "element",
            },
            {
              "children": [
                {
                  "type": "text",
                  "value": "\`",
                },
              ],
              "properties": {
                "style": "color: var(--shiki-token-string-expression)",
              },
              "tagName": "span",
              "type": "element",
            },
            {
              "children": [
                {
                  "type": "text",
                  "value": ");",
                },
              ],
              "properties": {
                "style": "color: var(--shiki-color-text)",
              },
              "tagName": "span",
              "type": "element",
            },
          ],
          "properties": {
            "dataHighlighted": false,
            "dataLineNumber": "3",
          },
          "tagName": "span",
          "type": "element",
        },
        {
          "children": [
            {
              "children": [
                {
                  "type": "text",
                  "value": "  } ",
                },
              ],
              "properties": {
                "style": "color: var(--shiki-color-text)",
              },
              "tagName": "span",
              "type": "element",
            },
            {
              "children": [
                {
                  "type": "text",
                  "value": "else",
                },
              ],
              "properties": {
                "style": "color: var(--shiki-token-keyword)",
              },
              "tagName": "span",
              "type": "element",
            },
            {
              "children": [
                {
                  "type": "text",
                  "value": " {",
                },
              ],
              "properties": {
                "style": "color: var(--shiki-color-text)",
              },
              "tagName": "span",
              "type": "element",
            },
          ],
          "properties": {
            "dataHighlighted": false,
            "dataLineNumber": "4",
          },
          "tagName": "span",
          "type": "element",
        },
        {
          "children": [
            {
              "children": [
                {
                  "type": "text",
                  "value": "    ",
                },
              ],
              "properties": {
                "style": "color: var(--shiki-color-text)",
              },
              "tagName": "span",
              "type": "element",
            },
            {
              "children": [
                {
                  "type": "text",
                  "value": "throw",
                },
              ],
              "properties": {
                "style": "color: var(--shiki-token-keyword)",
              },
              "tagName": "span",
              "type": "element",
            },
            {
              "children": [
                {
                  "type": "text",
                  "value": " ",
                },
              ],
              "properties": {
                "style": "color: var(--shiki-color-text)",
              },
              "tagName": "span",
              "type": "element",
            },
            {
              "children": [
                {
                  "type": "text",
                  "value": "new",
                },
              ],
              "properties": {
                "style": "color: var(--shiki-token-keyword)",
              },
              "tagName": "span",
              "type": "element",
            },
            {
              "children": [
                {
                  "type": "text",
                  "value": " ",
                },
              ],
              "properties": {
                "style": "color: var(--shiki-color-text)",
              },
              "tagName": "span",
              "type": "element",
            },
            {
              "children": [
                {
                  "type": "text",
                  "value": "Error",
                },
              ],
              "properties": {
                "style": "color: var(--shiki-token-function)",
              },
              "tagName": "span",
              "type": "element",
            },
            {
              "children": [
                {
                  "type": "text",
                  "value": "(",
                },
              ],
              "properties": {
                "style": "color: var(--shiki-color-text)",
              },
              "tagName": "span",
              "type": "element",
            },
            {
              "children": [
                {
                  "type": "text",
                  "value": "\`Can not greet 'undefined'!\`",
                },
              ],
              "properties": {
                "style": "color: var(--shiki-token-string-expression)",
              },
              "tagName": "span",
              "type": "element",
            },
            {
              "children": [
                {
                  "type": "text",
                  "value": ");",
                },
              ],
              "properties": {
                "style": "color: var(--shiki-color-text)",
              },
              "tagName": "span",
              "type": "element",
            },
          ],
          "properties": {
            "dataHighlighted": false,
            "dataLineNumber": "5",
          },
          "tagName": "span",
          "type": "element",
        },
        {
          "children": [
            {
              "children": [
                {
                  "type": "text",
                  "value": "  }",
                },
              ],
              "properties": {
                "style": "color: var(--shiki-color-text)",
              },
              "tagName": "span",
              "type": "element",
            },
          ],
          "properties": {
            "dataHighlighted": false,
            "dataLineNumber": "6",
          },
          "tagName": "span",
          "type": "element",
        },
        {
          "children": [
            {
              "children": [
                {
                  "type": "text",
                  "value": "}",
                },
              ],
              "properties": {
                "style": "color: var(--shiki-color-text)",
              },
              "tagName": "span",
              "type": "element",
            },
          ],
          "properties": {
            "dataHighlighted": false,
            "dataLineNumber": "7",
          },
          "tagName": "span",
          "type": "element",
        },
        {
          "children": [],
          "properties": {
            "dataHighlighted": false,
            "dataLineNumber": "8",
          },
          "tagName": "span",
          "type": "element",
        },
        {
          "children": [
            {
              "children": [
                {
                  "type": "text",
                  "value": "hello",
                },
              ],
              "properties": {
                "style": "color: var(--shiki-token-function)",
              },
              "tagName": "span",
              "type": "element",
            },
            {
              "children": [
                {
                  "type": "text",
                  "value": "(",
                },
              ],
              "properties": {
                "style": "color: var(--shiki-color-text)",
              },
              "tagName": "span",
              "type": "element",
            },
            {
              "children": [
                {
                  "type": "text",
                  "value": "\\"world!\\"",
                },
              ],
              "properties": {
                "style": "color: var(--shiki-token-string-expression)",
              },
              "tagName": "span",
              "type": "element",
            },
            {
              "children": [
                {
                  "type": "text",
                  "value": ");",
                },
              ],
              "properties": {
                "style": "color: var(--shiki-color-text)",
              },
              "tagName": "span",
              "type": "element",
            },
          ],
          "properties": {
            "dataHighlighted": false,
            "dataLineNumber": "9",
          },
          "tagName": "span",
          "type": "element",
        },
        {
          "children": [],
          "properties": {
            "dataHighlighted": false,
            "dataLineNumber": "10",
          },
          "tagName": "span",
          "type": "element",
        },
      ],
      "properties": {
        "dataLanguage": undefined,
        "dataLineNumbers": false,
      },
      "tagName": "code",
      "type": "element",
    },
  ],
  "properties": {
    "dataCodeTitle": undefined,
  },
  "tagName": "pre",
  "type": "element",
}
`;
